[backblue.gif]
[fade.gif]
[index.html]
[www.cruizersbarandgrill.com/yahoo_site_admin/assets/images/Torino.43120439_logo.jpg]
[www.cruizersbarandgrill.com/yahoo_site_admin/assets/images/cruizers_bike_homepage.43113217_std.jpg]
[www.cruizersbarandgrill.com/index.html]
[www.cruizersbarandgrill.com/yahoo_site_admin/assets/images/Chalkboard-Fundo-4_copy_2.264140725_std.jpg]
[www.cruizersbarandgrill.com/home_page.html]
[www.cruizersbarandgrill.com/yahoo_site_admin/assets/images/IMG_0019_1.20185721_large.jpg]
[www.cruizersbarandgrill.com/yahoo_site_admin/assets/images/IMG_0019_1.20185721_sq_thumb_s.jpg]
[www.cruizersbarandgrill.com/yahoo_site_admin/assets/images/IMG_0020.20185855_large.jpg]
[www.cruizersbarandgrill.com/yahoo_site_admin/assets/images/IMG_0020.20185855_sq_thumb_s.jpg]
[www.cruizersbarandgrill.com/yahoo_site_admin/assets/images/IMG_0006.20190318_large.jpg]
[www.cruizersbarandgrill.com/yahoo_site_admin/assets/images/IMG_0006.20190318_sq_thumb_s.jpg]
[www.cruizersbarandgrill.com/yahoo_site_admin/assets/images/IMG_0033_1.20190546_large.jpg]
[www.cruizersbarandgrill.com/yahoo_site_admin/assets/images/IMG_0033_1.20190546_sq_thumb_s.jpg]
[www.cruizersbarandgrill.com/yahoo_site_admin/assets/images/IMG_0017.20190749_large.jpg]
[www.cruizersbarandgrill.com/yahoo_site_admin/assets/images/IMG_0017.20190749_sq_thumb_s.jpg]
[www.cruizersbarandgrill.com/yahoo_site_admin/assets/images/IMG_0012.20190924_large.jpg]
[www.cruizersbarandgrill.com/yahoo_site_admin/assets/images/IMG_0012.20190924_sq_thumb_s.jpg]
[www.cruizersbarandgrill.com/yahoo_site_admin/assets/images/IMG_0122.20191413_large.jpg]
[www.cruizersbarandgrill.com/yahoo_site_admin/assets/images/IMG_0122.20191413_sq_thumb_s.jpg]
[www.cruizersbarandgrill.com/yahoo_site_admin/assets/images/IMG_0140.20191624_large.jpg]
[www.cruizersbarandgrill.com/yahoo_site_admin/assets/images/IMG_0140.20191624_sq_thumb_s.jpg]
[www.cruizersbarandgrill.com/yahoo_site_admin/assets/images/IMG_1779.67101627_large.jpg]
[www.cruizersbarandgrill.com/yahoo_site_admin/assets/images/IMG_1779.67101627_sq_thumb_s.jpg]
[www.cruizersbarandgrill.com/yahoo_site_admin/assets/images/IMG_1589.67101929_large.jpg]
[www.cruizersbarandgrill.com/yahoo_site_admin/assets/images/IMG_1589.67101929_sq_thumb_s.jpg]
[www.cruizersbarandgrill.com/yahoo_site_admin/assets/images/IMG_1598.67102143_large.jpg]
[www.cruizersbarandgrill.com/yahoo_site_admin/assets/images/IMG_1598.67102143_sq_thumb_s.jpg]
[www.cruizersbarandgrill.com/yahoo_site_admin/assets/images/IMG_1599.67102539_large.jpg]
[www.cruizersbarandgrill.com/yahoo_site_admin/assets/images/IMG_1599.67102539_sq_thumb_s.jpg]
[www.cruizersbarandgrill.com/yahoo_site_admin/assets/images/IMG_1596.67105138_large.jpg]
[www.cruizersbarandgrill.com/yahoo_site_admin/assets/images/IMG_1596.67105138_sq_thumb_s.jpg]
[www.cruizersbarandgrill.com/yahoo_site_admin/assets/images/20130303_0108161.67140611_large.jpg]
[www.cruizersbarandgrill.com/yahoo_site_admin/assets/images/20130303_0108161.67140611_sq_thumb_s.jpg]
[www.cruizersbarandgrill.com/yahoo_site_admin/assets/images/20130303_0108281.67140720_large.jpg]
[www.cruizersbarandgrill.com/yahoo_site_admin/assets/images/20130303_0108281.67140720_sq_thumb_s.jpg]
[www.cruizersbarandgrill.com/yahoo_site_admin/assets/images/20130303_003232_resized1.67140925_large.jpg]
[www.cruizersbarandgrill.com/yahoo_site_admin/assets/images/20130303_003232_resized1.67140925_sq_thumb_s.jpg]
[www.cruizersbarandgrill.com/yahoo_site_admin/assets/images/20130303_0108231.67141028_large.jpg]
[www.cruizersbarandgrill.com/yahoo_site_admin/assets/images/20130303_0108231.67141028_sq_thumb_s.jpg]
[www.cruizersbarandgrill.com/home_page/cruizers_photos.html]
[www.cruizersbarandgrill.com/yahoo_site_admin/assets/images/Saturday_Specials_Oct_1_2016_3.27123550_std.jpg]
[www.cruizersbarandgrill.com/monthly_dine_in_specials.html]
[www.cruizersbarandgrill.com/yahoo_site_admin/assets/images/Car_Show_2016_22_copy.152144309_std.jpg]
[www.cruizersbarandgrill.com/yahoo_site_admin/assets/images/sponsor_2016_2.152144407_std.jpg]
[www.cruizersbarandgrill.com/cruizers_2016_carbiketruck_show_for_hospice_of_miami_county.html]
[www.cruizersbarandgrill.com/yahoo_site_admin/assets/images/cruizers_paper_shot.256143419_large.jpg]
[www.cruizersbarandgrill.com/yahoo_site_admin/assets/images/cruizers_paper_shot.256143419_sq_thumb_s.jpg]
[www.cruizersbarandgrill.com/yahoo_site_admin/assets/images/IMG_7335.256145040_large.jpg]
[www.cruizersbarandgrill.com/yahoo_site_admin/assets/images/IMG_7335.256145040_sq_thumb_s.jpg]
[www.cruizersbarandgrill.com/yahoo_site_admin/assets/images/IMG_7337.256145413_large.jpg]
[www.cruizersbarandgrill.com/yahoo_site_admin/assets/images/IMG_7337.256145413_sq_thumb_s.jpg]
[www.cruizersbarandgrill.com/yahoo_site_admin/assets/images/IMG_7338.256145637_large.jpg]
[www.cruizersbarandgrill.com/yahoo_site_admin/assets/images/IMG_7338.256145637_sq_thumb_s.jpg]
[www.cruizersbarandgrill.com/yahoo_site_admin/assets/images/IMG_7339.256150431_large.jpg]
[www.cruizersbarandgrill.com/yahoo_site_admin/assets/images/IMG_7339.256150431_sq_thumb_s.jpg]
[www.cruizersbarandgrill.com/yahoo_site_admin/assets/images/IMG_7341.256151659_large.jpg]
[www.cruizersbarandgrill.com/yahoo_site_admin/assets/images/IMG_7341.256151659_sq_thumb_s.jpg]
[www.cruizersbarandgrill.com/yahoo_site_admin/assets/images/IMG_7342.256151814_large.jpg]
[www.cruizersbarandgrill.com/yahoo_site_admin/assets/images/IMG_7342.256151814_sq_thumb_s.jpg]
[www.cruizersbarandgrill.com/yahoo_site_admin/assets/images/IMG_7343.256152029_large.jpg]
[www.cruizersbarandgrill.com/yahoo_site_admin/assets/images/IMG_7343.256152029_sq_thumb_s.jpg]
[www.cruizersbarandgrill.com/yahoo_site_admin/assets/images/IMG_7344.256152602_large.jpg]
[www.cruizersbarandgrill.com/yahoo_site_admin/assets/images/IMG_7344.256152602_sq_thumb_s.jpg]
[www.cruizersbarandgrill.com/yahoo_site_admin/assets/images/IMG_7345.256153044_large.jpg]
[www.cruizersbarandgrill.com/yahoo_site_admin/assets/images/IMG_7345.256153044_sq_thumb_s.jpg]
[www.cruizersbarandgrill.com/yahoo_site_admin/assets/images/IMG_7346.256153422_large.jpg]
[www.cruizersbarandgrill.com/yahoo_site_admin/assets/images/IMG_7346.256153422_sq_thumb_s.jpg]
[www.cruizersbarandgrill.com/yahoo_site_admin/assets/images/IMG_7347.256153600_large.jpg]
[www.cruizersbarandgrill.com/yahoo_site_admin/assets/images/IMG_7347.256153600_sq_thumb_s.jpg]
[www.cruizersbarandgrill.com/yahoo_site_admin/assets/images/IMG_7348.256154209_large.jpg]
[www.cruizersbarandgrill.com/yahoo_site_admin/assets/images/IMG_7348.256154209_sq_thumb_s.jpg]
[www.cruizersbarandgrill.com/yahoo_site_admin/assets/images/IMG_7349.256155023_large.jpg]
[www.cruizersbarandgrill.com/yahoo_site_admin/assets/images/IMG_7349.256155023_sq_thumb_s.jpg]
[www.cruizersbarandgrill.com/yahoo_site_admin/assets/images/IMG_7351.256155352_large.jpg]
[www.cruizersbarandgrill.com/yahoo_site_admin/assets/images/IMG_7351.256155352_sq_thumb_s.jpg]
[www.cruizersbarandgrill.com/yahoo_site_admin/assets/images/IMG_7352.256155610_large.jpg]
[www.cruizersbarandgrill.com/yahoo_site_admin/assets/images/IMG_7352.256155610_sq_thumb_s.jpg]
[www.cruizersbarandgrill.com/yahoo_site_admin/assets/images/IMG_7353.256160052_large.jpg]
[www.cruizersbarandgrill.com/yahoo_site_admin/assets/images/IMG_7353.256160052_sq_thumb_s.jpg]
[www.cruizersbarandgrill.com/yahoo_site_admin/assets/images/IMG_7354.256160220_large.jpg]
[www.cruizersbarandgrill.com/yahoo_site_admin/assets/images/IMG_7354.256160220_sq_thumb_s.jpg]
[www.cruizersbarandgrill.com/yahoo_site_admin/assets/images/IMG_7355.256160425_large.jpg]
[www.cruizersbarandgrill.com/yahoo_site_admin/assets/images/IMG_7355.256160425_sq_thumb_s.jpg]
[www.cruizersbarandgrill.com/yahoo_site_admin/assets/images/IMG_7356.256161214_large.jpg]
[www.cruizersbarandgrill.com/yahoo_site_admin/assets/images/IMG_7356.256161214_sq_thumb_s.jpg]
[www.cruizersbarandgrill.com/yahoo_site_admin/assets/images/IMG_7357.256161539_large.jpg]
[www.cruizersbarandgrill.com/yahoo_site_admin/assets/images/IMG_7357.256161539_sq_thumb_s.jpg]
[www.cruizersbarandgrill.com/yahoo_site_admin/assets/images/IMG_7358.256163445_large.jpg]
[www.cruizersbarandgrill.com/yahoo_site_admin/assets/images/IMG_7358.256163445_sq_thumb_s.jpg]
[www.cruizersbarandgrill.com/yahoo_site_admin/assets/images/IMG_7359.256164439_large.jpg]
[www.cruizersbarandgrill.com/yahoo_site_admin/assets/images/IMG_7359.256164439_sq_thumb_s.jpg]
[www.cruizersbarandgrill.com/yahoo_site_admin/assets/images/IMG_7360.256165210_large.jpg]
[www.cruizersbarandgrill.com/yahoo_site_admin/assets/images/IMG_7360.256165210_sq_thumb_s.jpg]
[www.cruizersbarandgrill.com/yahoo_site_admin/assets/images/IMG_7361.256165659_large.jpg]
[www.cruizersbarandgrill.com/yahoo_site_admin/assets/images/IMG_7361.256165659_sq_thumb_s.jpg]
[www.cruizersbarandgrill.com/yahoo_site_admin/assets/images/IMG_7362.256170042_large.jpg]
[www.cruizersbarandgrill.com/yahoo_site_admin/assets/images/IMG_7362.256170042_sq_thumb_s.jpg]
[www.cruizersbarandgrill.com/yahoo_site_admin/assets/images/IMG_7363.256170225_large.jpg]
[www.cruizersbarandgrill.com/yahoo_site_admin/assets/images/IMG_7363.256170225_sq_thumb_s.jpg]
[www.cruizersbarandgrill.com/yahoo_site_admin/assets/images/IMG_7364.256170801_large.jpg]
[www.cruizersbarandgrill.com/yahoo_site_admin/assets/images/IMG_7364.256170801_sq_thumb_s.jpg]
[www.cruizersbarandgrill.com/yahoo_site_admin/assets/images/IMG_7365.256170955_large.jpg]
[www.cruizersbarandgrill.com/yahoo_site_admin/assets/images/IMG_7365.256170955_sq_thumb_s.jpg]
[www.cruizersbarandgrill.com/yahoo_site_admin/assets/images/IMG_7366.256171355_large.jpg]
[www.cruizersbarandgrill.com/yahoo_site_admin/assets/images/IMG_7366.256171355_sq_thumb_s.jpg]
[www.cruizersbarandgrill.com/yahoo_site_admin/assets/images/IMG_7367.256171550_large.jpg]
[www.cruizersbarandgrill.com/yahoo_site_admin/assets/images/IMG_7367.256171550_sq_thumb_s.jpg]
[www.cruizersbarandgrill.com/yahoo_site_admin/assets/images/IMG_7369.256172111_large.jpg]
[www.cruizersbarandgrill.com/yahoo_site_admin/assets/images/IMG_7369.256172111_sq_thumb_s.jpg]
[www.cruizersbarandgrill.com/yahoo_site_admin/assets/images/IMG_7370.256172255_large.jpg]
[www.cruizersbarandgrill.com/yahoo_site_admin/assets/images/IMG_7370.256172255_sq_thumb_s.jpg]
[www.cruizersbarandgrill.com/yahoo_site_admin/assets/images/IMG_7371.256172438_large.jpg]
[www.cruizersbarandgrill.com/yahoo_site_admin/assets/images/IMG_7371.256172438_sq_thumb_s.jpg]
[www.cruizersbarandgrill.com/yahoo_site_admin/assets/images/IMG_7374.256172617_large.jpg]
[www.cruizersbarandgrill.com/yahoo_site_admin/assets/images/IMG_7374.256172617_sq_thumb_s.jpg]
[www.cruizersbarandgrill.com/cruizers_2016_carbiketruck_show_for_hospice_of_miami_county/hospice_of_miami_county_car_show_pictures.html]
[www.cruizersbarandgrill.com/yahoo_site_admin/assets/images/JUICE-FLYER-2016.264135854_std.jpg]
[www.cruizersbarandgrill.com/yahoo_site_admin/assets/images/burn_dog_poker_run_2016.25240846_std.jpg]
[www.cruizersbarandgrill.com/yahoo_site_admin/assets/images/PIQUA_BIKEFEST_FLYER_1.238183052_std.jpg]
[www.cruizersbarandgrill.com/yahoo_site_admin/assets/images/scan0010_3.21880135_std.jpg]
[www.cruizersbarandgrill.com/yahoo_site_admin/assets/images/FB_IMG_1469444217457.20935349_std.jpg]
[www.cruizersbarandgrill.com/yahoo_site_admin/assets/images/ride_for_kevin.10750757_std.jpg]
[www.cruizersbarandgrill.com/yahoo_site_admin/assets/images/poker_run_2016_1.5634440_std.jpg]
[www.cruizersbarandgrill.com/cruizers_poker_runs_2016.html]
[www.cruizersbarandgrill.com/yahoo_site_admin/assets/images/empty_tank_4.364113141_std.jpg]
[www.cruizersbarandgrill.com/yahoo_site_admin/assets/images/orbison_hill.364105203_std.jpg]
[www.cruizersbarandgrill.com/yahoo_site_admin/assets/images/whiskey_biz.238184925_std.jpg]
[www.cruizersbarandgrill.com/yahoo_site_admin/assets/images/Karma_2016.238184459_std.jpg]
[www.cruizersbarandgrill.com/entertainment_2017.html]
[www.cruizersbarandgrill.com/yahoo_site_admin/assets/images/cruizers28.97164048_large.jpg]
[www.cruizersbarandgrill.com/yahoo_site_admin/assets/images/cruizers28.97164048_sq_thumb_s.jpg]
[www.cruizersbarandgrill.com/yahoo_site_admin/assets/images/cruizers32.97164356_large.jpg]
[www.cruizersbarandgrill.com/yahoo_site_admin/assets/images/cruizers32.97164356_sq_thumb_s.jpg]
[www.cruizersbarandgrill.com/yahoo_site_admin/assets/images/cruizers_31.97164508_large.jpg]
[www.cruizersbarandgrill.com/yahoo_site_admin/assets/images/cruizers_31.97164508_sq_thumb_s.jpg]
[www.cruizersbarandgrill.com/yahoo_site_admin/assets/images/cruizers_27.97164648_large.jpg]
[www.cruizersbarandgrill.com/yahoo_site_admin/assets/images/cruizers_27.97164648_sq_thumb_s.jpg]
[www.cruizersbarandgrill.com/yahoo_site_admin/assets/images/cruizers26.97165518_large.jpg]
[www.cruizersbarandgrill.com/yahoo_site_admin/assets/images/cruizers26.97165518_sq_thumb_s.jpg]
[www.cruizersbarandgrill.com/yahoo_site_admin/assets/images/cruizers25.97165601_large.jpg]
[www.cruizersbarandgrill.com/yahoo_site_admin/assets/images/cruizers25.97165601_sq_thumb_s.jpg]
[www.cruizersbarandgrill.com/yahoo_site_admin/assets/images/cruizers22.97165650_large.jpg]
[www.cruizersbarandgrill.com/yahoo_site_admin/assets/images/cruizers22.97165650_sq_thumb_s.jpg]
[www.cruizersbarandgrill.com/yahoo_site_admin/assets/images/cruizers39.97165852_large.jpg]
[www.cruizersbarandgrill.com/yahoo_site_admin/assets/images/cruizers39.97165852_sq_thumb_s.jpg]
[www.cruizersbarandgrill.com/yahoo_site_admin/assets/images/cruizers21.97170018_large.jpg]
[www.cruizersbarandgrill.com/yahoo_site_admin/assets/images/cruizers21.97170018_sq_thumb_s.jpg]
[www.cruizersbarandgrill.com/yahoo_site_admin/assets/images/cruizers20.97170107_large.jpg]
[www.cruizersbarandgrill.com/yahoo_site_admin/assets/images/cruizers20.97170107_sq_thumb_s.jpg]
[www.cruizersbarandgrill.com/yahoo_site_admin/assets/images/cruizers18.97170226_large.jpg]
[www.cruizersbarandgrill.com/yahoo_site_admin/assets/images/cruizers18.97170226_sq_thumb_s.jpg]
[www.cruizersbarandgrill.com/yahoo_site_admin/assets/images/cruizers14.97170416_large.jpg]
[www.cruizersbarandgrill.com/yahoo_site_admin/assets/images/cruizers14.97170416_sq_thumb_s.jpg]
[www.cruizersbarandgrill.com/yahoo_site_admin/assets/images/cruizers_13.97170553_large.jpg]
[www.cruizersbarandgrill.com/yahoo_site_admin/assets/images/cruizers_13.97170553_sq_thumb_s.jpg]
[www.cruizersbarandgrill.com/yahoo_site_admin/assets/images/cruizers12.97163958_large.jpg]
[www.cruizersbarandgrill.com/yahoo_site_admin/assets/images/cruizers12.97163958_sq_thumb_s.jpg]
[www.cruizersbarandgrill.com/yahoo_site_admin/assets/images/cruizers13.97171027_large.jpg]
[www.cruizersbarandgrill.com/yahoo_site_admin/assets/images/cruizers13.97171027_sq_thumb_s.jpg]
[www.cruizersbarandgrill.com/yahoo_site_admin/assets/images/cruizers_10.97171124_large.jpg]
[www.cruizersbarandgrill.com/yahoo_site_admin/assets/images/cruizers_10.97171124_sq_thumb_s.jpg]
[www.cruizersbarandgrill.com/yahoo_site_admin/assets/images/cruizers_7.97171342_large.jpg]
[www.cruizersbarandgrill.com/yahoo_site_admin/assets/images/cruizers_7.97171342_sq_thumb_s.jpg]
[www.cruizersbarandgrill.com/yahoo_site_admin/assets/images/cruizers_2.97171615_large.jpg]
[www.cruizersbarandgrill.com/yahoo_site_admin/assets/images/cruizers_2.97171615_sq_thumb_s.jpg]
[www.cruizersbarandgrill.com/yahoo_site_admin/assets/images/kitchen_1.10742556_large.jpg]
[www.cruizersbarandgrill.com/yahoo_site_admin/assets/images/kitchen_1.10742556_sq_thumb_s.jpg]
[www.cruizersbarandgrill.com/yahoo_site_admin/assets/images/kitchen_2.10742653_large.jpg]
[www.cruizersbarandgrill.com/yahoo_site_admin/assets/images/kitchen_2.10742653_sq_thumb_s.jpg]
[www.cruizersbarandgrill.com/yahoo_site_admin/assets/images/kitchen_3.10742839_large.jpg]
[www.cruizersbarandgrill.com/yahoo_site_admin/assets/images/kitchen_3.10742839_sq_thumb_s.jpg]
[www.cruizersbarandgrill.com/yahoo_site_admin/assets/images/cruizeres27.10743223_large.jpg]
[www.cruizersbarandgrill.com/yahoo_site_admin/assets/images/cruizeres27.10743223_sq_thumb_s.jpg]
[www.cruizersbarandgrill.com/yahoo_site_admin/assets/images/cruizers_14.10743441_large.jpg]
[www.cruizersbarandgrill.com/yahoo_site_admin/assets/images/cruizers_14.10743441_sq_thumb_s.jpg]
[www.cruizersbarandgrill.com/yahoo_site_admin/assets/images/cruizers_15.10743846_large.jpg]
[www.cruizersbarandgrill.com/yahoo_site_admin/assets/images/cruizers_15.10743846_sq_thumb_s.jpg]
[www.cruizersbarandgrill.com/yahoo_site_admin/assets/images/cruizers_6.10744333_large.jpg]
[www.cruizersbarandgrill.com/yahoo_site_admin/assets/images/cruizers_6.10744333_sq_thumb_s.jpg]
[www.cruizersbarandgrill.com/yahoo_site_admin/assets/images/cruizers332.10750509_large.jpg]
[www.cruizersbarandgrill.com/yahoo_site_admin/assets/images/cruizers332.10750509_sq_thumb_s.jpg]
[www.cruizersbarandgrill.com/cruizers_bar_pictures.html]
[www.cruizersbarandgrill.com/yahoo_site_admin/assets/images/Craft_beer_pairings.158174445_std.jpg]
[www.cruizersbarandgrill.com/craft_beer.html]
[www.cruizersbarandgrill.com/yahoo_site_admin/assets/images/dart_one.312181830_large.jpg]
[www.cruizersbarandgrill.com/yahoo_site_admin/assets/images/dart_one.312181830_sq_thumb_s.jpg]
[www.cruizersbarandgrill.com/yahoo_site_admin/assets/images/dart_two.312181920_large.jpg]
[www.cruizersbarandgrill.com/yahoo_site_admin/assets/images/dart_two.312181920_sq_thumb_s.jpg]
[www.cruizersbarandgrill.com/yahoo_site_admin/assets/images/dart_thee.312181955_large.jpg]
[www.cruizersbarandgrill.com/yahoo_site_admin/assets/images/dart_thee.312181955_sq_thumb_s.jpg]
[www.cruizersbarandgrill.com/yahoo_site_admin/assets/images/dart_four.312182021_large.jpg]
[www.cruizersbarandgrill.com/yahoo_site_admin/assets/images/dart_four.312182021_sq_thumb_s.jpg]
[www.cruizersbarandgrill.com/yahoo_site_admin/assets/images/cruizers_2015_girls_softball160180641_std.312182405_large.jpg]
[www.cruizersbarandgrill.com/yahoo_site_admin/assets/images/cruizers_2015_girls_softball160180641_std.312182405_sq_thumb_s.jpg]
[www.cruizersbarandgrill.com/yahoo_site_admin/assets/images/cannon_girls.312182244_large.jpg]
[www.cruizersbarandgrill.com/yahoo_site_admin/assets/images/cannon_girls.312182244_sq_thumb_s.jpg]
[www.cruizersbarandgrill.com/yahoo_site_admin/assets/images/Cannons.139155047_large.jpg]
[www.cruizersbarandgrill.com/yahoo_site_admin/assets/images/Cannons.139155047_sq_thumb_s.jpg]
[www.cruizersbarandgrill.com/yahoo_site_admin/assets/images/Cruizers_softball_team.205163928_large.jpg]
[www.cruizersbarandgrill.com/yahoo_site_admin/assets/images/Cruizers_softball_team.205163928_sq_thumb_s.jpg]
[www.cruizersbarandgrill.com/yahoo_site_admin/assets/images/2068.226102320_large.jpg]
[www.cruizersbarandgrill.com/yahoo_site_admin/assets/images/2068.226102320_sq_thumb_s.jpg]
[www.cruizersbarandgrill.com/sports_and_sorts.html]
[www.cruizersbarandgrill.com/yahoo_site_admin/assets/images/CruizersMenu_2016_proof-1.184183901_std.jpg]
[www.cruizersbarandgrill.com/yahoo_site_admin/assets/images/CruizersMenu_2016_proof-2.184184010_std.jpg]
[www.cruizersbarandgrill.com/yahoo_site_admin/assets/images/CruizersMenu_2016_proof-3.184184249_std.jpg]
[www.cruizersbarandgrill.com/yahoo_site_admin/assets/images/CruizersMenu_2016_proof-4.184184413_std.jpg]
[www.cruizersbarandgrill.com/yahoo_site_admin/assets/images/CruizersMenu_2016_proof-5.184184517_std.jpg]
[www.cruizersbarandgrill.com/yahoo_site_admin/assets/images/CruizersMenu_2016_proof-6.184184637_std.jpg]
[www.cruizersbarandgrill.com/menu.html]
[www.cruizersbarandgrill.com/yahoo_site_admin/assets/images/hospice_car.205160553_std.jpg]
[www.cruizersbarandgrill.com/yahoo_site_admin/assets/images/hos12.24120522_large.jpg]
[www.cruizersbarandgrill.com/yahoo_site_admin/assets/images/hos12.24120522_sq_thumb_s.jpg]
[www.cruizersbarandgrill.com/yahoo_site_admin/assets/images/hos13.24120855_large.jpg]
[www.cruizersbarandgrill.com/yahoo_site_admin/assets/images/hos13.24120855_sq_thumb_s.jpg]
[www.cruizersbarandgrill.com/yahoo_site_admin/assets/images/hos14.24121018_large.jpg]
[www.cruizersbarandgrill.com/yahoo_site_admin/assets/images/hos14.24121018_sq_thumb_s.jpg]
[www.cruizersbarandgrill.com/yahoo_site_admin/assets/images/hos16.24121622_large.jpg]
[www.cruizersbarandgrill.com/yahoo_site_admin/assets/images/hos16.24121622_sq_thumb_s.jpg]
[www.cruizersbarandgrill.com/yahoo_site_admin/assets/images/hos17.24122206_large.jpg]
[www.cruizersbarandgrill.com/yahoo_site_admin/assets/images/hos17.24122206_sq_thumb_s.jpg]
[www.cruizersbarandgrill.com/yahoo_site_admin/assets/images/hos1.24122343_large.jpg]
[www.cruizersbarandgrill.com/yahoo_site_admin/assets/images/hos1.24122343_sq_thumb_s.jpg]
[www.cruizersbarandgrill.com/yahoo_site_admin/assets/images/hos5.24122954_large.jpg]
[www.cruizersbarandgrill.com/yahoo_site_admin/assets/images/hos5.24122954_sq_thumb_s.jpg]
[www.cruizersbarandgrill.com/yahoo_site_admin/assets/images/hos2.24123500_large.jpg]
[www.cruizersbarandgrill.com/yahoo_site_admin/assets/images/hos2.24123500_sq_thumb_s.jpg]
[www.cruizersbarandgrill.com/yahoo_site_admin/assets/images/hos4.24130448_large.jpg]
[www.cruizersbarandgrill.com/yahoo_site_admin/assets/images/hos4.24130448_sq_thumb_s.jpg]
[www.cruizersbarandgrill.com/yahoo_site_admin/assets/images/hos22.24131104_large.jpg]
[www.cruizersbarandgrill.com/yahoo_site_admin/assets/images/hos22.24131104_sq_thumb_s.jpg]
[www.cruizersbarandgrill.com/yahoo_site_admin/assets/images/hos7.24131444_large.jpg]
[www.cruizersbarandgrill.com/yahoo_site_admin/assets/images/hos7.24131444_sq_thumb_s.jpg]
[www.cruizersbarandgrill.com/yahoo_site_admin/assets/images/hos21.24131537_large.jpg]
[www.cruizersbarandgrill.com/yahoo_site_admin/assets/images/hos21.24131537_sq_thumb_s.jpg]
[www.cruizersbarandgrill.com/yahoo_site_admin/assets/images/hos9.24131627_large.jpg]
[www.cruizersbarandgrill.com/yahoo_site_admin/assets/images/hos9.24131627_sq_thumb_s.jpg]
[www.cruizersbarandgrill.com/yahoo_site_admin/assets/images/hos28.24134322_large.jpg]
[www.cruizersbarandgrill.com/yahoo_site_admin/assets/images/hos28.24134322_sq_thumb_s.jpg]
[www.cruizersbarandgrill.com/yahoo_site_admin/assets/images/hos20.24132434_large.jpg]
[www.cruizersbarandgrill.com/yahoo_site_admin/assets/images/hos20.24132434_sq_thumb_s.jpg]
[www.cruizersbarandgrill.com/yahoo_site_admin/assets/images/hos10.24134421_large.jpg]
[www.cruizersbarandgrill.com/yahoo_site_admin/assets/images/hos10.24134421_sq_thumb_s.jpg]
[www.cruizersbarandgrill.com/yahoo_site_admin/assets/images/hos24.24134537_large.jpg]
[www.cruizersbarandgrill.com/yahoo_site_admin/assets/images/hos24.24134537_sq_thumb_s.jpg]
[www.cruizersbarandgrill.com/yahoo_site_admin/assets/images/hos26.24134802_large.jpg]
[www.cruizersbarandgrill.com/yahoo_site_admin/assets/images/hos26.24134802_sq_thumb_s.jpg]
[www.cruizersbarandgrill.com/yahoo_site_admin/assets/images/hos25.24134950_large.jpg]
[www.cruizersbarandgrill.com/yahoo_site_admin/assets/images/hos25.24134950_sq_thumb_s.jpg]
[www.cruizersbarandgrill.com/yahoo_site_admin/assets/images/hos27.24135039_large.jpg]
[www.cruizersbarandgrill.com/yahoo_site_admin/assets/images/hos27.24135039_sq_thumb_s.jpg]
[www.cruizersbarandgrill.com/car_show_pictures_for_hospice.html]
[www.cruizersbarandgrill.com/yahoo_site_admin/assets/images/car_show_flyer_2014-2.59144229_std.jpg]
[www.cruizersbarandgrill.com/yahoo_site_admin/assets/images/car_show_1.59133035_large.jpg]
[www.cruizersbarandgrill.com/yahoo_site_admin/assets/images/car_show_1.59133035_sq_thumb_s.jpg]
[www.cruizersbarandgrill.com/yahoo_site_admin/assets/images/car_show_2.59133110_large.jpg]
[www.cruizersbarandgrill.com/yahoo_site_admin/assets/images/car_show_2.59133110_sq_thumb_s.jpg]
[www.cruizersbarandgrill.com/yahoo_site_admin/assets/images/car_show_3.59133143_large.jpg]
[www.cruizersbarandgrill.com/yahoo_site_admin/assets/images/car_show_3.59133143_sq_thumb_s.jpg]
[www.cruizersbarandgrill.com/yahoo_site_admin/assets/images/car_show_4.59133217_large.jpg]
[www.cruizersbarandgrill.com/yahoo_site_admin/assets/images/car_show_4.59133217_sq_thumb_s.jpg]
[www.cruizersbarandgrill.com/yahoo_site_admin/assets/images/car_show_5.59133252_large.jpg]
[www.cruizersbarandgrill.com/yahoo_site_admin/assets/images/car_show_5.59133252_sq_thumb_s.jpg]
[www.cruizersbarandgrill.com/yahoo_site_admin/assets/images/car_show_6.59133340_large.jpg]
[www.cruizersbarandgrill.com/yahoo_site_admin/assets/images/car_show_6.59133340_sq_thumb_s.jpg]
[www.cruizersbarandgrill.com/yahoo_site_admin/assets/images/cruizers_2.59133446_large.jpg]
[www.cruizersbarandgrill.com/yahoo_site_admin/assets/images/cruizers_2.59133446_sq_thumb_s.jpg]
[www.cruizersbarandgrill.com/yahoo_site_admin/assets/images/cruizers_5.59133946_large.jpg]
[www.cruizersbarandgrill.com/yahoo_site_admin/assets/images/cruizers_5.59133946_sq_thumb_s.jpg]
[www.cruizersbarandgrill.com/yahoo_site_admin/assets/images/IMG_3683.59134118_large.jpg]
[www.cruizersbarandgrill.com/yahoo_site_admin/assets/images/IMG_3683.59134118_sq_thumb_s.jpg]
[www.cruizersbarandgrill.com/yahoo_site_admin/assets/images/IMG_3687.59134242_large.jpg]
[www.cruizersbarandgrill.com/yahoo_site_admin/assets/images/IMG_3687.59134242_sq_thumb_s.jpg]
[www.cruizersbarandgrill.com/yahoo_site_admin/assets/images/cruizers_4.59134514_large.jpg]
[www.cruizersbarandgrill.com/yahoo_site_admin/assets/images/cruizers_4.59134514_sq_thumb_s.jpg]
[www.cruizersbarandgrill.com/yahoo_site_admin/assets/images/IMG_3689.59134616_large.jpg]
[www.cruizersbarandgrill.com/yahoo_site_admin/assets/images/IMG_3689.59134616_sq_thumb_s.jpg]
[www.cruizersbarandgrill.com/yahoo_site_admin/assets/images/IMG_3698.59134743_large.jpg]
[www.cruizersbarandgrill.com/yahoo_site_admin/assets/images/IMG_3698.59134743_sq_thumb_s.jpg]
[www.cruizersbarandgrill.com/yahoo_site_admin/assets/images/IMG_3702.59134902_large.jpg]
[www.cruizersbarandgrill.com/yahoo_site_admin/assets/images/IMG_3702.59134902_sq_thumb_s.jpg]
[www.cruizersbarandgrill.com/yahoo_site_admin/assets/images/IMG_3711.59135026_large.jpg]
[www.cruizersbarandgrill.com/yahoo_site_admin/assets/images/IMG_3711.59135026_sq_thumb_s.jpg]
[www.cruizersbarandgrill.com/yahoo_site_admin/assets/images/IMG_3765.59135149_large.jpg]
[www.cruizersbarandgrill.com/yahoo_site_admin/assets/images/IMG_3765.59135149_sq_thumb_s.jpg]
[www.cruizersbarandgrill.com/yahoo_site_admin/assets/images/IMG_3726.59135259_large.jpg]
[www.cruizersbarandgrill.com/yahoo_site_admin/assets/images/IMG_3726.59135259_sq_thumb_s.jpg]
[www.cruizersbarandgrill.com/yahoo_site_admin/assets/images/IMG_3713.59140258_large.jpg]
[www.cruizersbarandgrill.com/yahoo_site_admin/assets/images/IMG_3713.59140258_sq_thumb_s.jpg]
[www.cruizersbarandgrill.com/yahoo_site_admin/assets/images/IMG_3730.59140409_large.jpg]
[www.cruizersbarandgrill.com/yahoo_site_admin/assets/images/IMG_3730.59140409_sq_thumb_s.jpg]
[www.cruizersbarandgrill.com/yahoo_site_admin/assets/images/IMG_3776.59143623_large.jpg]
[www.cruizersbarandgrill.com/yahoo_site_admin/assets/images/IMG_3776.59143623_sq_thumb_s.jpg]
[www.cruizersbarandgrill.com/yahoo_site_admin/assets/images/IMG_3712.59143926_large.jpg]
[www.cruizersbarandgrill.com/yahoo_site_admin/assets/images/IMG_3712.59143926_sq_thumb_s.jpg]
[www.cruizersbarandgrill.com/car_show_pictures_for_hospice/hospice_car_show_2014.html]
[www.cruizersbarandgrill.com/yahoo_site_admin/assets/images/car_show_2015_9.234152724_large.jpg]
[www.cruizersbarandgrill.com/yahoo_site_admin/assets/images/car_show_2015_9.234152724_sq_thumb_s.jpg]
[www.cruizersbarandgrill.com/yahoo_site_admin/assets/images/car_show_2015_11.234152841_large.jpg]
[www.cruizersbarandgrill.com/yahoo_site_admin/assets/images/car_show_2015_11.234152841_sq_thumb_s.jpg]
[www.cruizersbarandgrill.com/yahoo_site_admin/assets/images/car_show_2015_10.234153001_large.jpg]
[www.cruizersbarandgrill.com/yahoo_site_admin/assets/images/car_show_2015_10.234153001_sq_thumb_s.jpg]
[www.cruizersbarandgrill.com/yahoo_site_admin/assets/images/car_show_2015_12.234174100_large.jpg]
[www.cruizersbarandgrill.com/yahoo_site_admin/assets/images/car_show_2015_12.234174100_sq_thumb_s.jpg]
[www.cruizersbarandgrill.com/yahoo_site_admin/assets/images/car_show_2015_15.234174200_large.jpg]
[www.cruizersbarandgrill.com/yahoo_site_admin/assets/images/car_show_2015_15.234174200_sq_thumb_s.jpg]
[www.cruizersbarandgrill.com/yahoo_site_admin/assets/images/car_show_2015_1.234174254_large.jpg]
[www.cruizersbarandgrill.com/yahoo_site_admin/assets/images/car_show_2015_1.234174254_sq_thumb_s.jpg]
[www.cruizersbarandgrill.com/yahoo_site_admin/assets/images/car_show_2015_23.237144930_large.jpg]
[www.cruizersbarandgrill.com/yahoo_site_admin/assets/images/car_show_2015_23.237144930_sq_thumb_s.jpg]
[www.cruizersbarandgrill.com/yahoo_site_admin/assets/images/car_show_2015_24.237145033_large.jpg]
[www.cruizersbarandgrill.com/yahoo_site_admin/assets/images/car_show_2015_24.237145033_sq_thumb_s.jpg]
[www.cruizersbarandgrill.com/yahoo_site_admin/assets/images/car_show_2015_25.237145126_large.jpg]
[www.cruizersbarandgrill.com/yahoo_site_admin/assets/images/car_show_2015_25.237145126_sq_thumb_s.jpg]
[www.cruizersbarandgrill.com/yahoo_site_admin/assets/images/car_show_2015_30.249113105_large.jpg]
[www.cruizersbarandgrill.com/yahoo_site_admin/assets/images/car_show_2015_30.249113105_sq_thumb_s.jpg]
[www.cruizersbarandgrill.com/yahoo_site_admin/assets/images/car_show_2015_13.249113211_large.jpg]
[www.cruizersbarandgrill.com/yahoo_site_admin/assets/images/car_show_2015_13.249113211_sq_thumb_s.jpg]
[www.cruizersbarandgrill.com/yahoo_site_admin/assets/images/car_show_2015_26.249113432_large.jpg]
[www.cruizersbarandgrill.com/yahoo_site_admin/assets/images/car_show_2015_26.249113432_sq_thumb_s.jpg]
[www.cruizersbarandgrill.com/yahoo_site_admin/assets/images/car_show_2015_18.249113512_large.jpg]
[www.cruizersbarandgrill.com/yahoo_site_admin/assets/images/car_show_2015_18.249113512_sq_thumb_s.jpg]
[www.cruizersbarandgrill.com/yahoo_site_admin/assets/images/car_show_2015_17.249113620_large.jpg]
[www.cruizersbarandgrill.com/yahoo_site_admin/assets/images/car_show_2015_17.249113620_sq_thumb_s.jpg]
[www.cruizersbarandgrill.com/yahoo_site_admin/assets/images/car_show_15_36.252141032_large.jpg]
[www.cruizersbarandgrill.com/yahoo_site_admin/assets/images/car_show_15_36.252141032_sq_thumb_s.jpg]
[www.cruizersbarandgrill.com/yahoo_site_admin/assets/images/car_show_2015_7.252141143_large.jpg]
[www.cruizersbarandgrill.com/yahoo_site_admin/assets/images/car_show_2015_7.252141143_sq_thumb_s.jpg]
[www.cruizersbarandgrill.com/yahoo_site_admin/assets/images/car_show_15_38.252141230_large.jpg]
[www.cruizersbarandgrill.com/yahoo_site_admin/assets/images/car_show_15_38.252141230_sq_thumb_s.jpg]
[www.cruizersbarandgrill.com/yahoo_site_admin/assets/images/car_show_15_37.252141316_large.jpg]
[www.cruizersbarandgrill.com/yahoo_site_admin/assets/images/car_show_15_37.252141316_sq_thumb_s.jpg]
[www.cruizersbarandgrill.com/yahoo_site_admin/assets/images/car_show_2015_6.252141421_large.jpg]
[www.cruizersbarandgrill.com/yahoo_site_admin/assets/images/car_show_2015_6.252141421_sq_thumb_s.jpg]
[www.cruizersbarandgrill.com/car_show_pictures_for_hospice/hospice_of_miami_county_car_show_2015.html]
[www.cruizersbarandgrill.com/yahoo_site_admin/assets/images/scan0002.103174320_std.jpg]
[www.cruizersbarandgrill.com/yahoo_site_admin/assets/images/FB_IMG_1429291157248.106102110_std.jpg]
[www.cruizersbarandgrill.com/yahoo_site_admin/assets/images/car_show_flyer.103180344_std.jpg]
[www.cruizersbarandgrill.com/car_show_pictures_for_hospice/car_shows_2015.html]
[www.cruizersbarandgrill.com/yahoo_site_admin/assets/images/IMG_0450.20162936_large.jpg]
[www.cruizersbarandgrill.com/yahoo_site_admin/assets/images/IMG_0450.20162936_sq_thumb_s.jpg]
[www.cruizersbarandgrill.com/yahoo_site_admin/assets/images/IMG_0453.20163243_large.jpg]
[www.cruizersbarandgrill.com/yahoo_site_admin/assets/images/IMG_0453.20163243_sq_thumb_s.jpg]
[www.cruizersbarandgrill.com/yahoo_site_admin/assets/images/IMG_0452.20163409_large.jpg]
[www.cruizersbarandgrill.com/yahoo_site_admin/assets/images/IMG_0452.20163409_sq_thumb_s.jpg]
[www.cruizersbarandgrill.com/yahoo_site_admin/assets/images/IMG_0459.20163616_large.jpg]
[www.cruizersbarandgrill.com/yahoo_site_admin/assets/images/IMG_0459.20163616_sq_thumb_s.jpg]
[www.cruizersbarandgrill.com/yahoo_site_admin/assets/images/IMG_0500.20170639_large.jpg]
[www.cruizersbarandgrill.com/yahoo_site_admin/assets/images/IMG_0500.20170639_sq_thumb_s.jpg]
[www.cruizersbarandgrill.com/yahoo_site_admin/assets/images/IMG_0466.20163126_large.jpg]
[www.cruizersbarandgrill.com/yahoo_site_admin/assets/images/IMG_0466.20163126_sq_thumb_s.jpg]
[www.cruizersbarandgrill.com/yahoo_site_admin/assets/images/IMG_0460.20164030_large.jpg]
[www.cruizersbarandgrill.com/yahoo_site_admin/assets/images/IMG_0460.20164030_sq_thumb_s.jpg]
[www.cruizersbarandgrill.com/yahoo_site_admin/assets/images/IMG_0483.20163727_large.jpg]
[www.cruizersbarandgrill.com/yahoo_site_admin/assets/images/IMG_0483.20163727_sq_thumb_s.jpg]
[www.cruizersbarandgrill.com/yahoo_site_admin/assets/images/IMG_0487.20164618_large.jpg]
[www.cruizersbarandgrill.com/yahoo_site_admin/assets/images/IMG_0487.20164618_sq_thumb_s.jpg]
[www.cruizersbarandgrill.com/yahoo_site_admin/assets/images/IMG_0465.20164202_large.jpg]
[www.cruizersbarandgrill.com/yahoo_site_admin/assets/images/IMG_0465.20164202_sq_thumb_s.jpg]
[www.cruizersbarandgrill.com/yahoo_site_admin/assets/images/IMG_0505.20164728_large.jpg]
[www.cruizersbarandgrill.com/yahoo_site_admin/assets/images/IMG_0505.20164728_sq_thumb_s.jpg]
[www.cruizersbarandgrill.com/yahoo_site_admin/assets/images/IMG_0520.20164938_large.jpg]
[www.cruizersbarandgrill.com/yahoo_site_admin/assets/images/IMG_0520.20164938_sq_thumb_s.jpg]
[www.cruizersbarandgrill.com/yahoo_site_admin/assets/images/IMG_0494.20165130_large.jpg]
[www.cruizersbarandgrill.com/yahoo_site_admin/assets/images/IMG_0494.20165130_sq_thumb_s.jpg]
[www.cruizersbarandgrill.com/yahoo_site_admin/assets/images/IMG_0516.20165314_large.jpg]
[www.cruizersbarandgrill.com/yahoo_site_admin/assets/images/IMG_0516.20165314_sq_thumb_s.jpg]
[www.cruizersbarandgrill.com/yahoo_site_admin/assets/images/IMG_0534.20165449_large.jpg]
[www.cruizersbarandgrill.com/yahoo_site_admin/assets/images/IMG_0534.20165449_sq_thumb_s.jpg]
[www.cruizersbarandgrill.com/yahoo_site_admin/assets/images/IMG_0455.20165613_large.jpg]
[www.cruizersbarandgrill.com/yahoo_site_admin/assets/images/IMG_0455.20165613_sq_thumb_s.jpg]
[www.cruizersbarandgrill.com/yahoo_site_admin/assets/images/IMG_0519.20170215_large.jpg]
[www.cruizersbarandgrill.com/yahoo_site_admin/assets/images/IMG_0519.20170215_sq_thumb_s.jpg]
[www.cruizersbarandgrill.com/yahoo_site_admin/assets/images/IMG_0510.20170428_large.jpg]
[www.cruizersbarandgrill.com/yahoo_site_admin/assets/images/IMG_0510.20170428_sq_thumb_s.jpg]
[www.cruizersbarandgrill.com/yahoo_site_admin/assets/images/IMG_0490.20171514_large.jpg]
[www.cruizersbarandgrill.com/yahoo_site_admin/assets/images/IMG_0490.20171514_sq_thumb_s.jpg]
[www.cruizersbarandgrill.com/yahoo_site_admin/assets/images/IMG_0531.20171344_large.jpg]
[www.cruizersbarandgrill.com/yahoo_site_admin/assets/images/IMG_0531.20171344_sq_thumb_s.jpg]
[www.cruizersbarandgrill.com/yahoo_site_admin/assets/images/IMG_0507.20171205_large.jpg]
[www.cruizersbarandgrill.com/yahoo_site_admin/assets/images/IMG_0507.20171205_sq_thumb_s.jpg]
[www.cruizersbarandgrill.com/yahoo_site_admin/assets/images/IMG_0545.20170814_large.jpg]
[www.cruizersbarandgrill.com/yahoo_site_admin/assets/images/IMG_0545.20170814_sq_thumb_s.jpg]
[www.cruizersbarandgrill.com/yahoo_site_admin/assets/images/IMG_0552.20171001_large.jpg]
[www.cruizersbarandgrill.com/yahoo_site_admin/assets/images/IMG_0552.20171001_sq_thumb_s.jpg]
[www.cruizersbarandgrill.com/yahoo_site_admin/assets/images/poker_run_5.20755446_large.jpg]
[www.cruizersbarandgrill.com/yahoo_site_admin/assets/images/poker_run_5.20755446_sq_thumb_s.jpg]
[www.cruizersbarandgrill.com/yahoo_site_admin/assets/images/poker_run_6.20755507_large.jpg]
[www.cruizersbarandgrill.com/yahoo_site_admin/assets/images/poker_run_6.20755507_sq_thumb_s.jpg]
[www.cruizersbarandgrill.com/yahoo_site_admin/assets/images/poker_run_1.20755527_large.jpg]
[www.cruizersbarandgrill.com/yahoo_site_admin/assets/images/poker_run_1.20755527_sq_thumb_s.jpg]
[www.cruizersbarandgrill.com/yahoo_site_admin/assets/images/poker_run_2.20755542_large.jpg]
[www.cruizersbarandgrill.com/yahoo_site_admin/assets/images/poker_run_2.20755542_sq_thumb_s.jpg]
[www.cruizersbarandgrill.com/yahoo_site_admin/assets/images/poker_run_3.20755600_large.jpg]
[www.cruizersbarandgrill.com/yahoo_site_admin/assets/images/poker_run_3.20755600_sq_thumb_s.jpg]
[www.cruizersbarandgrill.com/yahoo_site_admin/assets/images/poker_run_4.20755627_large.jpg]
[www.cruizersbarandgrill.com/yahoo_site_admin/assets/images/poker_run_4.20755627_sq_thumb_s.jpg]
[www.cruizersbarandgrill.com/yahoo_site_admin/assets/images/poker_run7.20760638_large.jpg]
[www.cruizersbarandgrill.com/yahoo_site_admin/assets/images/poker_run7.20760638_sq_thumb_s.jpg]
[www.cruizersbarandgrill.com/yahoo_site_admin/assets/images/poker_run8.20760709_large.jpg]
[www.cruizersbarandgrill.com/yahoo_site_admin/assets/images/poker_run8.20760709_sq_thumb_s.jpg]
[www.cruizersbarandgrill.com/yahoo_site_admin/assets/images/poker_run9.20760950_large.jpg]
[www.cruizersbarandgrill.com/russia_fire_dept_poker_run_201213_photos.html]
[www.cruizersbarandgrill.com/yahoo_site_admin/assets/images/poker_run9.20760950_sq_thumb_s.jpg]
[www.cruizersbarandgrill.com/services.html]
[www.cruizersbarandgrill.com/contact_us.html]
